exports[`File component should render a folder correctly 1`] = `null`;
